[patelparth1960.wixsite.com/toybusiness.html]
[backblue.gif]
[fade.gif]
[index.html]
[patelparth1960.wixsite.com/sitemap.xml]
[patelparth1960.wixsite.com/feed.xml]
[browser.sentry-cdn.com/4.6.2/bundle.min.js]
[static.parastorage.com/unpkg/core-js-bundle@3.2.1/minified.js]
[static.parastorage.com/unpkg/whatwg-fetch@3.0.0/dist/fetch.umd.js]
[static.parastorage.com/services/wix-bolt/1.6050.0/bolt-main/app/bolt-custom-elements.min.js]
[static.parastorage.com/unpkg/requirejs-bolt@2.3.6/requirejs.min.js]
[patelparth1960.wixsite.com/_partials/wix-bolt/1.6050.0/node_modules/viewer-platform-worker/dist/wixcode-worker.js]
[static.wixstatic.com/media/11062b_4cb2c2d563c740c3a48126ab9b089d69_mv2_d_5/v1/fill/w_210,h_140,al_c,q_80,usm_0.66_1.00_0.01,blur_2/11062b_4cb2c2d563c740c3a48126ab9b089d69_mv2_d_5334_3561_s_4_2.jpg]
[patelparth1960.wixsite.com/toybusiness/cart-page.html]
[patelparth1960.wixsite.com/toybusiness/login.html]
[patelparth1960.wixsite.com/toybusiness.html]
[patelparth1960.wixsite.com/sitemap.html]
[patelparth1960.wixsite.com/feed.html]
[static.wixstatic.com/media/0da768_0c5ce9e2ffa442bea0b79b690223a939_mv2.png]
[patelparth1960.wixsite.com/toybusiness/home-1.html]
[patelparth1960.wixsite.com/toybusiness/robots.txt]
[patelparth1960.wixsite.com/toybusiness/sitemap.xml]
[patelparth1960.wixsite.com/toybusiness/feed.xml]
[patelparth1960.wixsite.com/toybusiness/cart-page.html]
[static.wixstatic.com/media/11062b_54cb26d9ed2049d9a1a6259e29ef373d_mv2_d_5/v1/fill/w_294,h_196,al_c,q_80,usm_0.66_1.00_0.01,blur_2/11062b_54cb26d9ed2049d9a1a6259e29ef373d_mv2_d_5251_3501_s_4_2.jpg]
[patelparth1960.wixsite.com/toybusiness/login.html]
[static.wixstatic.com/media/11062b_5b8e346a2d4a473eb69e1afea326b33f_mv2_d_3840_2160_s_2.jpg/v1/fill/w_245,h_138,al_c,q_80,usm_0.66_1.00_0.01,blur_2/11062b_5b8e346a2d4a473eb69e1afea326b33f_mv2_d_3840_2160_s_2.jpg]
[static.wixstatic.com/media/fb2e4c_fe51a16a93ef48e399b774e50075d0b0_mv2.jpg/v1/fill/w_100,h_100,al_c,q_80,usm_0.66_1.00_0.01/fb2e4c_fe51a16a93ef48e399b774e50075d0b0_mv2.jpg]
[static.wixstatic.com/media/fb2e4c_e9d84a808ce54c14be6063e751ef1209_mv2.jpg/v1/fill/w_100,h_100,al_c,q_80,usm_0.66_1.00_0.01/fb2e4c_e9d84a808ce54c14be6063e751ef1209_mv2.jpg]
[patelparth1960.wixsite.com/toybusiness/product-page/i-m-a-teddy.html]
[patelparth1960.wixsite.com/toybusiness/product-page/i-m-a-plane.html]
[patelparth1960.wixsite.com/toybusiness/product-page/i-m-a-doll.html]
[static.wixstatic.com/media/fb2e4c_052b2154017646f0900039d883621ba6_mv2.jpg/v1/fill/w_100,h_100,al_c,q_80,usm_0.66_1.00_0.01/fb2e4c_052b2154017646f0900039d883621ba6_mv2.jpg]
[patelparth1960.wixsite.com/toybusiness/home-1.html]
[patelparth1960.wixsite.com/toybusiness/robots.html]
[patelparth1960.wixsite.com/toybusiness/feed.html]
[patelparth1960.wixsite.com/toybusiness/product-page/robots.html]
[patelparth1960.wixsite.com/toybusiness/product-page/sitemap.xml]
[patelparth1960.wixsite.com/toybusiness/product-page/feed.xml]
[static.wixstatic.com/media/fb2e4c_fe51a16a93ef48e399b774e50075d0b0_mv2.jpg/v1/fill/w_1960,h_1102,al_c,q_85,usm_0.66_1.00_0.01/fb2e4c_fe51a16a93ef48e399b774e50075d0b0_mv2.jpg]
[static.wixstatic.com/media/fb2e4c_fe51a16a93ef48e399b774e50075d0b0_mv2.jpg/v1/fill/w_980,h_551,al_c,q_50,usm_0.66_1.00_0.01/fb2e4c_fe51a16a93ef48e399b774e50075d0b0_mv2.jpg]
[patelparth1960.wixsite.com/toybusiness/product-page/i-m-a-teddy.html]
[static.wixstatic.com/media/fb2e4c_e9d84a808ce54c14be6063e751ef1209_mv2.jpg/v1/fill/w_1300,h_731,al_c,q_85/fb2e4c_e9d84a808ce54c14be6063e751ef1209_mv2.jpg]
[static.wixstatic.com/media/fb2e4c_e9d84a808ce54c14be6063e751ef1209_mv2.jpg/v1/fill/w_980,h_551,al_c,q_50,usm_0.66_1.00_0.01/fb2e4c_e9d84a808ce54c14be6063e751ef1209_mv2.jpg]
[patelparth1960.wixsite.com/toybusiness/product-page/i-m-a-plane.html]
[static.wixstatic.com/media/fb2e4c_052b2154017646f0900039d883621ba6_mv2.jpg/v1/fill/w_576,h_324,al_c,lg_1,q_85/fb2e4c_052b2154017646f0900039d883621ba6_mv2.jpg]
[static.wixstatic.com/media/fb2e4c_052b2154017646f0900039d883621ba6_mv2.jpg/v1/fill/w_576,h_324,al_c,lg_1,q_50/fb2e4c_052b2154017646f0900039d883621ba6_mv2.jpg]
[patelparth1960.wixsite.com/toybusiness/product-page/i-m-a-doll.html]
[patelparth1960.wixsite.com/toybusiness/product-page/robots.html]
[patelparth1960.wixsite.com/toybusiness/product-page/feed.html]
